[INFO] Scanning for projects...
[INFO] 
[INFO] -----------------------< lp2:proyectoindividual >-----------------------
[INFO] Building  0.0.1-SNAPSHOT
[INFO]   from pom.xml
[INFO] --------------------------------[ jar ]---------------------------------
[INFO] 
[INFO] >>> spring-boot:4.0.7:run (default-cli) > test-compile @ proyectoindividual >>>
[INFO] 
[INFO] --- resources:3.3.1:resources (default-resources) @ proyectoindividual ---
[INFO] Copying 1 resource from src\main\resources to target\classes
[INFO] Copying 3 resources from src\main\resources to target\classes
[INFO] 
[INFO] --- compiler:3.14.1:compile (default-compile) @ proyectoindividual ---
[INFO] Recompiling the module because of changed source code.
[INFO] Compiling 12 source files with javac [debug parameters release 21] to target\classes
[INFO] 
[INFO] --- resources:3.3.1:testResources (default-testResources) @ proyectoindividual ---
[INFO] skip non existing resourceDirectory C:\Users\USUARIO\Documents\proyecto_final\src\test\resources
[INFO] 
[INFO] --- compiler:3.14.1:testCompile (default-testCompile) @ proyectoindividual ---
[INFO] Recompiling the module because of changed dependency.
[INFO] Compiling 1 source file with javac [debug parameters release 21] to target\test-classes
[INFO] 
[INFO] <<< spring-boot:4.0.7:run (default-cli) < test-compile @ proyectoindividual <<<
[INFO] 
[INFO] 
[INFO] --- spring-boot:4.0.7:run (default-cli) @ proyectoindividual ---
[INFO] Attaching agents: []

  .   ____          _            __ _ _
 /\\ / ___'_ __ _ _(_)_ __  __ _ \ \ \ \
( ( )\___ | '_ | '_| | '_ \/ _` | \ \ \ \
 \\/  ___)| |_)| | | | | || (_| |  ) ) ) )
  '  |____| .__|_| |_|_| |_\__, | / / / /
 =========|_|==============|___/=/_/_/_/

 :: Spring Boot ::                (v4.0.7)

2026-07-02T04:55:29.762-05:00  INFO 20232 --- [proyectoindividual] [           main] l.p.ProyectoindividualApplication        : Starting ProyectoindividualApplication using Java 22.0.2 with PID 20232 (C:\Users\USUARIO\Documents\proyecto_final\target\classes started by USUARIO in C:\Users\USUARIO\Documents\proyecto_final)
2026-07-02T04:55:29.766-05:00  INFO 20232 --- [proyectoindividual] [           main] l.p.ProyectoindividualApplication        : No active profile set, falling back to 1 default profile: "default"
2026-07-02T04:55:30.717-05:00  INFO 20232 --- [proyectoindividual] [           main] .s.d.r.c.RepositoryConfigurationDelegate : Bootstrapping Spring Data JPA repositories in DEFAULT mode.
2026-07-02T04:55:30.798-05:00  INFO 20232 --- [proyectoindividual] [           main] .s.d.r.c.RepositoryConfigurationDelegate : Finished Spring Data repository scanning in 65 ms. Found 2 JPA repository interfaces.
2026-07-02T04:55:31.651-05:00  INFO 20232 --- [proyectoindividual] [           main] o.s.boot.tomcat.TomcatWebServer          : Tomcat initialized with port 8080 (http)
2026-07-02T04:55:31.688-05:00  INFO 20232 --- [proyectoindividual] [           main] o.apache.catalina.core.StandardService   : Starting service [Tomcat]
2026-07-02T04:55:31.689-05:00  INFO 20232 --- [proyectoindividual] [           main] o.apache.catalina.core.StandardEngine    : Starting Servlet engine: [Apache Tomcat/11.0.22]
2026-07-02T04:55:31.782-05:00  INFO 20232 --- [proyectoindividual] [           main] b.w.c.s.WebApplicationContextInitializer : Root WebApplicationContext: initialization completed in 1920 ms
2026-07-02T04:55:32.056-05:00  INFO 20232 --- [proyectoindividual] [           main] org.hibernate.orm.jpa                    : HHH008540: Processing PersistenceUnitInfo [name: default]
2026-07-02T04:55:32.133-05:00  INFO 20232 --- [proyectoindividual] [           main] org.hibernate.orm.core                   : HHH000001: Hibernate ORM core version 7.2.19.Final
2026-07-02T04:55:32.863-05:00  INFO 20232 --- [proyectoindividual] [           main] o.s.o.j.p.SpringPersistenceUnitInfo      : No LoadTimeWeaver setup: ignoring JPA class transformer
2026-07-02T04:55:32.909-05:00  INFO 20232 --- [proyectoindividual] [           main] com.zaxxer.hikari.HikariDataSource       : HikariPool-1 - Starting...
2026-07-02T04:55:33.288-05:00  INFO 20232 --- [proyectoindividual] [           main] com.zaxxer.hikari.pool.HikariPool        : HikariPool-1 - Added connection com.mysql.cj.jdbc.ConnectionImpl@24f177f5
2026-07-02T04:55:33.292-05:00  INFO 20232 --- [proyectoindividual] [           main] com.zaxxer.hikari.HikariDataSource       : HikariPool-1 - Start completed.
2026-07-02T04:55:33.379-05:00  WARN 20232 --- [proyectoindividual] [           main] org.hibernate.orm.core                   : HHH000511: The 5.5.5 version for [org.hibernate.dialect.MySQLDialect] is no longer supported, hence certain features may not work properly.The minimum supported version is 8.0.0. Check the community dialects project for available legacy versions.
2026-07-02T04:55:33.411-05:00  INFO 20232 --- [proyectoindividual] [           main] org.hibernate.orm.connections.pooling    : HHH10001005: Database info:
	Database JDBC URL [jdbc:mysql://localhost:3306/pinexusstreaming?useSSL=false&serverTimezone=America/Lima&allowPublicKeyRetrieval=true]
	Database driver: MySQL Connector/J
	Database dialect: MySQLDialect
	Database version: 5.5.5
	Default catalog/schema: pinexusstreaming/undefined
	Autocommit mode: undefined/unknown
	Isolation level: REPEATABLE_READ [default REPEATABLE_READ]
	JDBC fetch size: none
	Pool: DataSourceConnectionProvider
	Minimum pool size: undefined/unknown
	Maximum pool size: undefined/unknown
2026-07-02T04:55:34.751-05:00  INFO 20232 --- [proyectoindividual] [           main] org.hibernate.orm.core                   : HHH000489: No JTA platform available (set 'hibernate.transaction.jta.platform' to enable JTA platform integration)
2026-07-02T04:55:34.906-05:00  INFO 20232 --- [proyectoindividual] [           main] j.LocalContainerEntityManagerFactoryBean : Initialized JPA EntityManagerFactory for persistence unit 'default'
2026-07-02T04:55:35.023-05:00  INFO 20232 --- [proyectoindividual] [           main] o.s.d.j.r.query.QueryEnhancerFactories   : Hibernate is in classpath; If applicable, HQL parser will be used.
2026-07-02T04:55:35.328-05:00  WARN 20232 --- [proyectoindividual] [           main] JpaBaseConfiguration$JpaWebConfiguration : spring.jpa.open-in-view is enabled by default. Therefore, database queries may be performed during view rendering. Explicitly configure spring.jpa.open-in-view to disable this warning
2026-07-02T04:55:35.877-05:00  WARN 20232 --- [proyectoindividual] [           main] ConfigServletWebServerApplicationContext : Exception encountered during context initialization - cancelling refresh attempt: org.springframework.context.ApplicationContextException: Failed to start bean 'webServerStartStop'
2026-07-02T04:55:35.878-05:00  INFO 20232 --- [proyectoindividual] [           main] j.LocalContainerEntityManagerFactoryBean : Closing JPA EntityManagerFactory for persistence unit 'default'
2026-07-02T04:55:35.880-05:00  INFO 20232 --- [proyectoindividual] [           main] com.zaxxer.hikari.HikariDataSource       : HikariPool-1 - Shutdown initiated...
2026-07-02T04:55:35.891-05:00  INFO 20232 --- [proyectoindividual] [           main] com.zaxxer.hikari.HikariDataSource       : HikariPool-1 - Shutdown completed.
2026-07-02T04:55:35.907-05:00  INFO 20232 --- [proyectoindividual] [           main] .s.b.a.l.ConditionEvaluationReportLogger : 

Error starting ApplicationContext. To display the condition evaluation report re-run your application with 'debug' enabled.
2026-07-02T04:55:35.933-05:00 ERROR 20232 --- [proyectoindividual] [           main] o.s.b.d.LoggingFailureAnalysisReporter   : 

***************************
APPLICATION FAILED TO START
***************************

Description:

Web server failed to start. Port 8080 was already in use.

Action:

Identify and stop the process that's listening on port 8080 or configure this application to listen on another port.

[INFO] ------------------------------------------------------------------------
[INFO] BUILD FAILURE
[INFO] ------------------------------------------------------------------------
[INFO] Total time:  15.707 s
[INFO] Finished at: 2026-07-02T04:55:35-05:00
[INFO] ------------------------------------------------------------------------
[ERROR] Failed to execute goal org.springframework.boot:spring-boot-maven-plugin:4.0.7:run (default-cli) on project proyectoindividual: Process terminated with exit code: 1 -> [Help 1]
[ERROR] 
[ERROR] To see the full stack trace of the errors, re-run Maven with the -e switch.
[ERROR] Re-run Maven using the -X switch to enable full debug logging.
[ERROR] 
[ERROR] For more information about the errors and possible solutions, please read the following articles:
[ERROR] [Help 1] http://cwiki.apache.org/confluence/display/MAVEN/MojoExecutionException
